127.0.0.1 - - [30/Mar/2015:05:04:20 +0100] "test1 HTTP/1.1" 200 4194304 100000
127.0.0.1 - - [30/Mar/2015:05:04:20 +0100] "test1 HTTP/1.1" 304 4194304 100000
127.0.0.1 - - [30/Mar/2015:05:04:20 +0100] "test1 HTTP/1.1" 500 4194304 100000
127.0.0.1 - - [30/Mar/2015:08:04:20 +0100] "test1 HTTP/1.1" 200 4194304 200000
127.0.0.1 - - [30/Mar/2015:09:04:20 +0100] "test1 HTTP/1.1" 200 4194304 400000
127.0.0.1 - - [30/Mar/2015:08:04:20 +0100] "test1 HTTP/1.1" 304 4194304 400000
127.0.0.1 - - [30/Mar/2015:05:04:20 +0100] "test1 HTTP/1.1" 200 4194304 100000
